// Jest Snapshot v1, https://goo.gl/fbAQLP

exports[`Env it throws error without setting Host or setting to falsy value 1`] = `"[host] 尚未初始化，请按照文档指示，设置一个明确的 Host 值!"`;
